// Jest Snapshot v1, https://goo.gl/fbAQLP

exports[`DetailFilm.spec.js has the expected html structure 1`] = `
<div
  class="detail-film"
>
  <img
    alt=""
  />
   
  <h1>
    
  </h1>
   
  <p>
    
  </p>
</div>
`;
